<Window
    x:Class="WpfTests.MainWindow"
    xmlns="http://schemas.microsoft.com/winfx/2006/xaml/presentation"
    xmlns:x="http://schemas.microsoft.com/winfx/2006/xaml"
    xmlns:d="http://schemas.microsoft.com/expression/blend/2008"
    xmlns:local="clr-namespace:WpfTests"
    xmlns:mc="http://schemas.openxmlformats.org/markup-compatibility/2006"
    mc:Ignorable="d">
    <Grid>
        <TextBlock
            Background="Black"
            d:Background="White"
            DataContext="{x:Null}"
            d:DataContext="{x:Null}"
            Foreground="Black"
            d:Foreground="White"
            Text="Hello"
            d:Text="Design time" />
    </Grid>
</Window>
